// Jest Snapshot v1, https://goo.gl/fbAQLP

exports[`environment should throw an error if config file could not be located 1`] = `
"
jest-dynalite could not find a config file in the jest <rootDir> (somebaddirectory).

If you didn't intend to be using this directory for the config, please specify a custom
directory: https://github.com/freshollie/jest-dynalite/#monorepoadvanced-setup

If you are already using a custom config directory, you should apply 'import \\"jest-dynalite/withDb\\"'
to your \\"setupFilesAfterEnv\\" instead of using the jest-dynalite preset or environment.

Please see https://github.com/freshollie/jest-dynalite/issues/6#issuecomment-654167172 for
more info.
      "
`;
